src/components/admin/UserList.tsx(176,78): error TS2339: Property 'full_name' does not exist on type 'Profile'.
src/components/dashboard/DemandFilters.tsx(100,40): error TS2339: Property 'user_id' does not exist on type 'Profile'.
src/components/dashboard/DemandFilters.tsx(100,64): error TS2339: Property 'user_id' does not exist on type 'Profile'.
src/components/dashboard/DemandFilters.tsx(101,26): error TS2339: Property 'full_name' does not exist on type 'Profile'.
src/components/dashboard/ExportButton.tsx(37,24): error TS2339: Property 'full_name' does not exist on type '{ name: string | null; email: string | null; image?: string | null | undefined; }'.
src/components/dashboard/ExportButton.tsx(84,24): error TS2339: Property 'full_name' does not exist on type '{ name: string | null; email: string | null; image?: string | null | undefined; }'.
src/pages/analytics.tsx(108,34): error TS2339: Property 'user_id' does not exist on type 'Profile'.
src/pages/analytics.tsx(109,23): error TS2339: Property 'full_name' does not exist on type 'Profile'.
src/pages/index.tsx(3,23): error TS1149: File name 'C:/Users/mathe/demand-navigator/src/pages/Dashboard.tsx' differs from already included file name 'C:/Users/mathe/demand-navigator/src/pages/dashboard.tsx' only in casing.
  The file is in the program because:
    Matched by include pattern '**/*.tsx' in 'C:/Users/mathe/demand-navigator/tsconfig.json'
    Imported via './Dashboard' from file 'C:/Users/mathe/demand-navigator/src/pages/index.tsx'
    Imported via "../../src/pages/dashboard.js" from file 'C:/Users/mathe/demand-navigator/.next/types/validator.ts'
